// Jest Snapshot v1, https://goo.gl/fbAQLP

exports[`Get EVM operations by Operation ID getOperationsById Should get operations linked to an Operation ID 1`] = `
[
  {
    "eventName": "OperationExecuted",
    "txHash": "0x79a1d514db0a65e136df72c0d40b553068ac455d0965a0486dcb6d1e71682435",
  },
]
`;
